[18-yard.share.landingsite.dev/index.html]
[assets.ls-assets.com/uploads/d1596f6d-cf73-41df-8335-5d1502727ff8/6bbcdf45-5d73-416a-b5ce-8cee2daabaf987f8.jpg]
[assets.ls-assets.com/provider/istock/2212473849f419.jpg]
[assets.ls-assets.com/uploads/d1596f6d-cf73-41df-8335-5d1502727ff8/45948e8f-1c58-4cbd-8e5b-35eca0f68ab187f8.jpg]
[assets.ls-assets.com/uploads/d1596f6d-cf73-41df-8335-5d1502727ff8/6a570178-e183-4f8d-803a-4da550d4412687f8.jpg]
[assets.ls-assets.com/uploads/d1596f6d-cf73-41df-8335-5d1502727ff8/960d998c-43e9-4a50-84df-fcbef3d8f41887f8.jpg]
[assets.ls-assets.com/provider/istock/21900060838e75.jpg]
[assets.ls-assets.com/provider/istock/22105430638e75.jpg]
[assets.ls-assets.com/provider/istock/1472480128e75.jpg]
[assets.ls-assets.com/provider/istock/22754066338e75.jpg]
[assets.ls-assets.com/provider/istock/22051105488e75.jpg]
[assets.ls-assets.com/provider/istock/22124738498e75.jpg]
[assets.ls-assets.com/provider/istock/22244494308e75.jpg]
[assets.ls-assets.com/provider/istock/21967521188e75.jpg]
[backblue.gif]
[fade.gif]
[index.html]
[assets.ls-assets.com/uploads/d1596f6d-cf73-41df-8335-5d1502727ff8/6bbcdf45-5d73-416a-b5ce-8cee2daabaf9b6bf.jpg]
[18-yard.share.landingsite.dev/assets/manifest-5154d75a.js]
[18-yard.share.landingsite.dev/assets/entry.client-mpaM9vh6.js]
[18-yard.share.landingsite.dev/assets/jsx-runtime-BFnmFciN.js]
[18-yard.share.landingsite.dev/assets/root-Cou6NP_V.js]
[18-yard.share.landingsite.dev/assets/x-NcOBHvaT.js]
[18-yard.share.landingsite.dev/assets/_index-D5KnMWof.js]
[18-yard.share.landingsite.dev/index.html]
[18-yard.share.landingsite.dev/assets/root-DhbH9tQl.css]
[18-yard.share.landingsite.dev/assets/root-DhbH9tQl.css]
